  Round      Host (us)   Device (us)  Effective (us)     Orch (us)    Sched (us)
  ------------------------------------------------------------------------------
  0           188009.4        5205.2        5032.6        3907.7        4850.4
  1           139979.5        5435.4        5394.2        4111.8        5393.4
  2           138385.0        5416.4        5381.0        4097.2        5380.5
  3           138560.2        5450.5        5412.9        4062.2        5412.4
  4           137810.9        5275.6        5238.1        4036.5        5237.3
  5           133711.6        5365.5        5331.8        4106.5        5331.1
  6           133217.4        5647.8        5610.3        4117.9        5609.9
  7           122917.0        5435.5        5398.0        4096.3        5397.6
  8           118882.2        5616.7        5581.6        4038.0        5581.1
  9           137615.5        5438.5        5400.8        4073.8        5400.2
  10          122555.2        5589.6        5553.6        4065.2        5553.1
  11          120298.0        5520.6        5485.0        4112.2        5484.4
  12          140004.0        5874.6        5836.1        4157.2        5835.4
  13          120605.3        5470.7        5434.7        4056.6        5434.2
  14          119386.6        5488.0        5449.8        4065.7        5449.1
  15          137971.2        5454.3        5419.1        4135.6        5417.9
  16          121206.2        5428.1        5389.6        4044.4        5389.0
  17          119493.7        5405.7        5369.7        4035.2        5369.3
  18          120431.9        5290.4        5255.4        3989.9        5254.9
  19          119273.3        5422.1        5385.5        4056.8        5384.7
  20          118390.4        5329.8        5294.0        4104.5        5293.5
  21          118759.8        5609.5        5573.0        4083.3        5572.1
  22          117298.0        5492.7        5456.1        4092.0        5455.7
  23          115759.8        5466.4        5429.6        4020.6        5428.8
  24          123557.2        5273.9        5237.1        4030.9        5236.6
  25          133273.8        5501.4        5463.8        4121.1        5463.2
  26          123392.5        5504.2        5469.3        4118.4        5468.5
  27          120041.3        5428.5        5392.1        4153.4        5391.3
  28          119429.0        5560.2        5523.2        4148.4        5522.4
  29          118581.3        5560.7        5523.6        4134.3        5522.8
  30          134447.8        5406.7        5370.1        4088.1        5369.4
  31          124143.2        5356.5        5320.1        4101.4        5319.2
  32          120478.8        5381.2        5345.8        4115.6        5345.0
  33          118168.2        5582.6        5544.1        4043.0        5543.6
  34          119130.5        5476.1        5438.2        4083.5        5437.7
  35          120899.0        5384.7        5347.9        4041.2        5347.1
  36          119195.4        5427.8        5391.0        4072.1        5390.2
  37          117464.7        5402.9        5367.3        4126.1        5366.6
  38          118261.1        5578.8        5540.9        4112.6        5540.3
  39          132943.1        5395.1        5357.2        4138.8        5356.5
  40          127100.0        5425.0        5386.3        4088.9        5385.5
  41          131639.6        5459.4        5422.5        4095.5        5422.0
  42          122206.9        5536.6        5498.6        4053.5        5497.9
  43          120213.9        5516.3        5478.9        4116.3        5478.3
  44          119919.8        5468.8        5433.0        4072.4        5432.5
  45          125405.5        5507.3        5470.1        4120.9        5469.3
  46          124542.7        5527.6        5493.0        4066.9        5492.0
  47          122084.8        5489.5        5453.8        4124.1        5453.2
  48          152377.1        5394.2        5360.0        4048.4        5359.1
  49          148287.5        5327.3        5290.9        4023.7        5290.3
  50          134501.0        5619.0        5583.6        4124.9        5583.0
  51          133143.9        5726.7        5688.6        4061.2        5688.1
  52          135245.3        5329.7        5295.9        4045.2        5295.5
  53          133839.1        5694.9        5658.5        4089.1        5657.9
  54          128799.4        5558.3        5522.8        4215.3        5522.3
  55          127917.6        5300.9        5264.0        4051.0        5263.5
  56          127465.5        5355.2        5318.8        4052.6        5318.3
  57          125805.5        5744.6        5706.0        4124.5        5705.5
  58          125285.2        5518.6        5480.5        4095.9        5480.0
  59          128682.2        5518.8        5482.0        4115.7        5481.5
  60          126296.6        5549.5        5514.7        4090.7        5514.1
  61          123632.8        5597.0        5559.9        4068.3        5559.3
  62          135766.2        5275.8        5239.3        4066.7        5238.7
  63          126798.1        5475.0        5440.1        4106.3        5439.4
  64          129231.9        5645.4        5608.1        4017.6        5607.4
  65          123890.9        5539.9        5502.9        4108.5        5502.2
  66          122614.2        5337.6        5298.7        4086.4        5298.1
  67          123745.9        5637.4        5601.6        4110.2        5600.5
  68          147579.1        5330.2        5295.5        4041.8        5295.0
  69          133591.1        5454.7        5419.4        4077.5        5418.8
  70          127577.9        5584.9        5548.2        4046.3        5547.6
  71          130864.6        5384.7        5346.2        4096.3        5345.6
  72          128999.6        5514.6        5477.7        4114.6        5477.0
  73          124673.5        5463.8        5426.8        4124.6        5425.9
  74          140762.8        5705.4        5668.2        4077.7        5667.5
  75          132628.5        5582.2        5546.9        4125.2        5546.2
  76          130139.9        5698.0        5660.8        4077.4        5660.1
  77          126412.4        5622.3        5584.3        4090.1        5583.7
  78          126838.5        5767.8        5729.1        4096.0        5728.4
  79          128821.3        5401.3        5363.8        4149.4        5363.0
  80          122207.1        5381.2        5345.8        4082.8        5345.3
  81          122159.5        5706.9        5668.2        4164.5        5667.5
  82          120843.0        5237.4        5202.3        3987.4        5201.0
  83          121287.5        5649.5        5611.1        4093.1        5610.4
  84          123580.1        5652.0        5615.5        4133.4        5614.9
  85          121240.6        5334.5        5296.7        4025.7        5296.1
  86          136909.4        5369.4        5332.6        4038.1        5331.9
  87          131583.9        5460.5        5423.9        4084.1        5423.3
  88          126439.5        5532.9        5497.9        4062.0        5497.3
  89          126906.4        5404.6        5369.5        4103.9        5368.6
  90          127341.2        5466.4        5432.2        4131.8        5431.6
  91          124741.6        5601.6        5562.1        4147.8        5561.4
  92          123501.8        5500.6        5464.1        4195.2        5463.2
  93          124048.8        5463.4        5425.6        4041.2        5424.7
  94          123651.9        5384.8        5349.7        4028.3        5349.3
  95          121559.3        5481.5        5445.1        4040.9        5444.6
  96          123106.3        5475.1        5437.3        4044.0        5436.8
  97          122786.2        5355.6        5317.9        4068.5        5317.4
  98          122472.8        5568.7        5533.7        4102.1        5533.3
  99          133810.6        5485.9        5448.6        4050.8        5448.0
  Avg Host: 127494.4 us  |  Avg Device: 5484.5 us [100/100]  |  Avg Effective: 5446.4 us  |  Avg Orch: 4084.8 us  |  Avg Sched: 5444.0 us  (100 rounds)
  Trimmed Avg Host: 126210.3 us  |  Trimmed Avg Device: 5479.8 us  (dropped 10 low + 10 high, 80 rounds used)
