  Round      Host (us)   Device (us)  Effective (us)     Orch (us)    Sched (us)
  ------------------------------------------------------------------------------
  0           241528.3        2060.3        1871.1        1161.5        1660.7
  1           155224.0        1661.3        1629.4        1299.0        1628.7
  2           170668.6        1699.0        1672.5        1297.6        1668.0
  3           171413.0        1735.3        1708.4        1299.0        1706.1
  4           177932.9        1720.4        1691.3        1310.0        1687.4
  5           183950.7        1660.3        1633.1        1263.7        1630.7
  6           176982.6        1851.8        1821.3        1290.7        1815.4
  7           189032.8        1669.7        1638.1        1268.4        1635.3
  8           165212.5        1833.0        1802.9        1260.6        1800.4
  9           177456.5        1714.7        1687.0        1269.3        1684.2
  10          176077.6        1716.9        1687.9        1288.2        1683.5
  11          175510.4        1801.5        1771.4        1269.3        1769.0
  12          168144.0        1778.0        1747.6        1286.5        1743.5
  13          174188.8        1747.1        1721.0        1304.8        1716.7
  14          178351.6        1691.5        1661.2        1280.7        1658.6
  15          177804.8        1734.3        1704.6        1285.4        1701.5
  16          174940.0        1681.9        1651.3        1270.5        1647.9
  17          189047.2        1668.6        1640.1        1299.0        1636.5
  18          153145.0        1808.7        1781.0        1304.4        1776.7
  19          179569.6        1733.6        1707.0        1312.1        1704.1
  20          194495.0        1712.6        1688.7        1295.9        1683.8
  21          179274.9        1805.5        1778.5        1293.5        1773.9
  22          177912.3        1705.0        1680.2        1282.1        1675.3
  23          182193.8        1679.6        1651.3        1276.7        1647.1
  24          190773.7        1678.4        1650.9        1309.3        1646.9
  25          164625.1        1664.1        1637.0        1289.8        1633.9
  26          176076.1        1672.0        1644.2        1287.6        1639.0
  27          208064.3        1639.2        1610.1        1322.7        1606.6
  28          181942.7        1689.9        1662.6        1288.9        1660.0
  29          169383.7        1741.1        1715.7        1325.7        1711.9
  30          196057.6        1870.6        1841.8        1274.1        1836.1
  31          183401.0        1760.1        1731.8        1301.6        1728.1
  32          165816.5        1896.6        1865.3        1266.0        1862.1
  33          164602.7        1706.1        1676.0        1323.3        1674.1
  34          166796.7        1655.7        1625.7        1275.5        1622.5
  35          205884.6        1700.8        1674.1        1304.0        1672.1
  36          185181.1        1822.4        1794.2        1277.9        1792.5
  37          171336.5        1803.8        1774.1        1270.2        1770.9
  38          162633.2        1817.4        1791.5        1277.9        1786.8
  39          173698.4        1660.3        1630.7        1272.5        1626.1
  40          201905.9        1700.0        1671.5        1284.5        1665.4
  41          179762.9        1761.9        1731.2        1285.4        1727.8
  42          192143.3        1768.0        1741.7        1253.3        1737.6
  43          198898.5        1842.5        1813.1        1260.2        1810.5
  44          214668.7        1687.1        1654.6        1315.6        1650.7
  45          208429.0        1768.3        1736.5        1268.5        1733.6
  46          186718.4        1755.7        1727.7        1294.6        1723.9
  47          185470.9        1718.5        1689.3        1253.6        1686.5
  48          180964.4        1752.8        1724.3        1302.1        1720.3
  49          206670.9        1695.4        1666.1        1282.7        1662.4
  50          159833.8        1862.3        1833.0        1283.5        1830.6
  51          176705.0        1777.5        1748.5        1300.3        1744.4
  52          205990.3        1741.4        1711.2        1265.4        1708.9
  53          186991.6        1667.6        1639.7        1303.9        1635.2
  54          177102.1        1748.8        1719.3        1263.1        1717.3
  55          209553.0        1640.8        1613.8        1302.3        1609.7
  56          205278.6        1600.8        1572.5        1277.2        1570.9
  57          184316.3        1730.7        1701.4        1296.6        1697.9
  58          180069.8        1637.2        1605.7        1301.4        1603.7
  59          157148.8        1652.9        1621.7        1302.2        1619.6
  60          165181.0        1645.8        1614.3        1284.7        1612.1
  61          165596.7        1774.0        1745.0        1288.2        1741.5
  62          165696.2        1691.8        1665.3        1283.6        1662.4
  63          172445.5        1658.2        1627.2        1280.7        1624.4
  64          153468.8        1742.4        1713.0        1322.6        1708.7
  65          152802.9        1813.2        1786.6        1256.9        1783.9
  66          152652.8        1671.8        1640.4        1281.0        1636.9
  67          161764.5        1730.6        1702.1        1297.2        1698.8
  68          172694.1        1647.7        1620.6        1301.7        1618.2
  69          177362.0        1763.8        1739.2        1314.1        1736.4
  70          175544.5        1676.2        1650.1        1308.0        1647.7
  71          179599.3        1727.1        1703.6        1325.8        1699.4
  72          164651.5        1754.1        1727.9        1320.4        1724.5
  73          179398.3        1755.0        1728.3        1275.9        1725.2
  74          200038.2        1823.6        1795.4        1291.4        1791.8
  75          191385.5        1778.0        1750.7        1283.9        1747.0
  76          205669.8        1774.5        1746.5        1290.7        1743.3
  77          196754.7        1714.9        1686.8        1302.8        1684.3
  78          194653.9        1737.0        1707.5        1305.3        1705.9
  79          192976.7        1660.2        1632.1        1302.6        1628.1
  80          196573.7        1775.8        1747.5        1314.0        1743.7
  81          203354.5        1804.5        1775.3        1301.1        1772.1
  82          206080.1        1796.5        1768.1        1261.6        1764.1
  83          186235.8        1611.1        1585.8        1318.2        1582.1
  84          182189.6        1775.9        1749.1        1297.7        1746.0
  85          167138.3        1753.5        1726.6        1252.9        1723.7
  86          196404.3        1636.5        1606.1        1317.0        1603.8
  87          195109.2        1737.7        1710.7        1326.2        1708.8
  88          211300.3        1712.1        1682.5        1288.2        1678.9
  89          204224.1        1702.7        1674.8        1305.1        1671.3
  90          189663.6        1883.5        1857.7        1251.0        1854.2
  91          204081.9        1631.1        1600.4        1305.2        1596.2
  92          197983.8        1737.5        1709.6        1302.5        1706.4
  93          214120.6        1785.9        1760.5        1283.6        1756.4
  94          201704.3        1714.8        1688.9        1301.4        1687.1
  95          207670.5        1625.3        1597.4        1289.0        1593.6
  96          202855.8        1833.0        1804.6        1313.8        1800.3
  97          179794.6        1793.8        1766.3        1303.3        1764.0
  98          183966.6        1712.3        1684.4        1289.7        1681.3
  99          206556.8        1655.6        1630.7        1262.0        1627.0
  Avg Host: 184123.0 us  |  Avg Device: 1733.8 us [100/100]  |  Avg Effective: 1703.8 us  |  Avg Orch: 1289.3 us  |  Avg Sched: 1698.4 us  (100 rounds)
  Trimmed Avg Host: 183880.7 us  |  Trimmed Avg Device: 1728.8 us  (dropped 10 low + 10 high, 80 rounds used)
